// Jest Snapshot v1, https://goo.gl/fbAQLP

exports[`Quiz Container Renders Quiz 1`] = `
<View
  style={
    Object {
      "backgroundColor": "#7D59C8",
      "flex": 1,
    }
  }
>
  <View
    style={
      Object {
        "alignItems": "center",
        "flex": 1,
        "justifyContent": "center",
      }
    }
  >
    <ActivityIndicator
      animating={true}
      color="#FFFFFF"
      hidesWhenStopped={true}
      size="small"
    />
  </View>
</View>
`;
